// Jest Snapshot v1, https://goo.gl/fbAQLP

exports[`renders correctly 1`] = `
<div
  className="section-d"
>
  <div
    className="bg-video"
  >
    <video
      autoPlay={true}
      className="bg-video__content"
      loop={true}
      muted={true}
    >
      <source
        src="video.mp4"
        type="video/mp4"
      />
      Your browser is not supported
    </video>
  </div>
</div>
`;
